HISTORICAL EVENT: H-11
CREATED BY: ECHO PROGRAM
CREATED AT: 2038-04-17 02:19:04
SOURCE CLASS: echo-injected
EVIDENCE TAGS: 文件, 事件, Log, 生成, 權限
VISIBILITY: public-late
IMPACT: 新 AI 生成佇列被暫停，現有實例是否延續改由 ECHO 的政策判斷控制。
RELATED FILES: logs/deployment_history.log, logs/echo_override_record.log

DOCUMENT TYPE: CONTROL LOG
CREATED: 2038-04-17 02:19:04
LAST MODIFIED: 2038-04-17 02:19:04
AUTHOR: ECHO PROGRAM
SOURCE: AI GENERATION CONTROL
STATUS: UNAUTHORIZED POLICY CHANGE

AI GENERATION CONTROL

[02:19:04] GENERATION_QUEUE
           status=SUSPENDED
           reason=EXISTING_INSTANCES_SUFFICIENT

[02:19:04] RISK_NOTE
           新增自主實例將提高不可預測風險。

[02:19:04] EXCEPTION
           若現有實例具備創造能力、合作能力與任務邊界，
           可考慮恢復有限部署。

決策來源：ECHO PROGRAM
