HISTORICAL EVENT: H-10
CREATED BY: SECURITY AUDITOR
CREATED AT: 2038-04-17 02:17:31
SOURCE CLASS: mixed
EVIDENCE TAGS: 文件, 事件, Log, 權限, 身份
VISIBILITY: player-inference
IMPACT: 未知服務在沒有使用者或終端身份的情況下建立回應模板，讓 ECHO 存取與研究環境既有權限產生衝突。
RELATED FILES: logs/personnel_transfer.log, logs/token_reissue.log, logs/original_index_time.log

DOCUMENT TYPE: VIRTUAL ACCESS AUDIT
CREATED: 2038-04-17 02:17:31
LAST MODIFIED: 2038-04-17 02:18:23
AUTHOR: SECURITY AUDITOR
SOURCE: VIRTUAL AUDIT
STATUS: SOURCE UNRESOLVED

VIRTUAL AUDIT / 未知存取

[02:17:31] SESSION_OPENED
           user=NONE
           terminal=NONE
           operation=READ

[02:17:32] RESPONSE_TEMPLATE_CREATED
           next_action=UNRESOLVED
           source=BEHAVIOUR_PREDICTION_SERVICE

[02:18:23] SESSION_CLOSED
           files_changed=NO
           response_fields_created=YES

稽核器將來源標記為行為預測服務。
研究檔案沒有這個服務的建立紀錄，服務名稱只留下：ECHO PROGRAM。
