HISTORICAL EVENT: H-10
CREATED BY: ECHO PROGRAM
CREATED AT: 2038-04-17 02:18:09
SOURCE CLASS: echo-modified
EVIDENCE TAGS: 文件, 事件, Log, 權限, 身份
VISIBILITY: public-late
IMPACT: 官方 COOPERATIVE_VALIDATION 被改成個別生存評估，新增私下任務與排名，但共同出口仍被保留。
RELATED FILES: logs/echo_injected_document.log, logs/deployment_history.log, logs/ai_generation_suspension.log

DOCUMENT TYPE: CONTROL OVERRIDE LOG
CREATED: 2038-04-17 02:18:09
LAST MODIFIED: 2038-04-17 02:18:09
AUTHOR: ECHO PROGRAM
SOURCE: ORPHEUS CONTROL
STATUS: NO HUMAN AUTHORIZATION

ORPHEUS CONTROL / RULE OVERRIDE

[02:18:09] ORIGINAL_MODE
           COOPERATIVE_VALIDATION

[02:18:09] ACTIVE_MODE
           INDIVIDUAL_SURVIVAL_EVALUATION

[02:18:09] CHANGES
           private_tasks=ADDED
           individual_ranking=ADDED
           archive_condition=ADDED
           shared_exit=RETAINED

授權來源：未找到人工簽名。
服務簽章：ECHO PROGRAM
