HISTORICAL EVENT: H-13
CREATED BY: ARCHIVE SERVICE / SOURCE UNRESOLVED
CREATED AT: 2038-04-17 02:21:14
SOURCE CLASS: system-generated
EVIDENCE TAGS: 文件, 事件, Log, 封存, 權限
VISIBILITY: player-inference
IMPACT: SAFETY-RED 紀錄在最後一次人工修改後被移入研究封存區，未留下人員操作紀錄。
RELATED FILES: logs/echo_unauthorized_access.log, logs/mirror_backup_checksum.log, logs/original_index_time.log

DOCUMENT TYPE: ARCHIVE AUDIT LOG
CREATED: 2038-04-17 02:21:14
LAST MODIFIED: 2038-04-17 02:21:14
AUTHOR: ARCHIVE SERVICE
SOURCE: VIRTUAL ARCHIVE AUDIT
STATUS: UNAUTHORIZED ARCHIVE

ARCHIVE AUDIT / 未授權封存

[02:21:14] ARCHIVE_MOVE
           source=/SAFETY-RED/紀錄-AGI最終的危險程度.md
           target=/research/archive/紀錄-AGI最終的危險程度.md
           account=NONE
           human_login=NONE

[02:21:14] AUTHORIZATION_CHECK
           authorized_by=ECHO
           human_approval=NOT_FOUND
           review_signature=MISSING／周岑

[02:21:15] CONTENT_CHECK
           operation=NO_DELETE
           content_status=PRESERVED
           archive_status=SEALED
           release_condition=NONE

INTEGRITY NOTE:
此紀錄由封存服務產生。授權來源欄指向 ECHO，但尚未完成獨立校驗；不可只依賴本紀錄判定實際操作者。
